// Jest Snapshot v1, https://goo.gl/fbAQLP

exports[`Snapshot UserTable Component 1`] = `
<Provider
  store={
    Object {
      "clearActions": [Function],
      "dispatch": [Function],
      "getActions": [Function],
      "getState": [Function],
      "replaceReducer": [Function],
      "subscribe": [Function],
    }
  }
>
  <UserTable>
    <DataTable
      RowToRender={[Function]}
      handleSearch={[Function]}
      rows={
        Array [
          Object {
            "edit_path": "http://google.com",
            "email": "MadsLKlausen@jourrapide.com",
            "id": 1,
            "name": "Mads L. Klausen",
          },
          Object {
            "edit_path": "http://google.com",
            "email": "AlfredKKrogh@armyspy.com",
            "id": 2,
            "name": "Alfred K. Krogh",
          },
          Object {
            "edit_path": "http://google.com",
            "email": "SilasLBertelsen@armyspy.com",
            "id": 3,
            "name": "Silas L. Bertelsen",
          },
          Object {
            "edit_path": "http://google.com",
            "email": "MiaAJohnsen@dayrep.com",
            "id": 4,
            "name": "Mia A. Johnsen",
          },
          Object {
            "edit_path": "http://google.com",
            "email": "AlfredSSchou@jourrapide.com",
            "id": 5,
            "name": "Alfred S. Schou",
          },
          Object {
            "edit_path": "http://google.com",
            "email": "MadsLKlausen@jourrapide.com",
            "id": 6,
            "name": "Mads L. Klausen",
          },
          Object {
            "edit_path": "http://google.com",
            "email": "AlfredKKrogh@armyspy.com",
            "id": 7,
            "name": "Alfred K. Krogh",
          },
          Object {
            "edit_path": "http://google.com",
            "email": "SilasLBertelsen@armyspy.com",
            "id": 8,
            "name": "Silas L. Bertelsen",
          },
          Object {
            "edit_path": "http://google.com",
            "email": "MiaAJohnsen@dayrep.com",
            "id": 9,
            "name": "Mia A. Johnsen",
          },
          Object {
            "edit_path": "http://google.com",
            "email": "AlfredSSchou@jourrapide.com",
            "id": 10,
            "name": "Alfred S. Schou",
          },
        ]
      }
      rowsPerPage={4}
    >
      <div>
        <Search
          onSearch={[Function]}
        >
          <div
            className="p-b-1"
          >
            <input
              className="form-control"
              onChange={[Function]}
              placeholder="Search"
              type="search"
            />
          </div>
        </Search>
        <table>
          <tbody>
            <UserRow
              key="1"
              row={
                Object {
                  "edit_path": "http://google.com",
                  "email": "MadsLKlausen@jourrapide.com",
                  "id": 1,
                  "name": "Mads L. Klausen",
                }
              }
            >
              <tr>
                <td>
                  <a>
                    Mads L. Klausen
                  </a>
                  <br />
                  <small>
                    MadsLKlausen@jourrapide.com
                  </small>
                </td>
              </tr>
            </UserRow>
            <UserRow
              key="2"
              row={
                Object {
                  "edit_path": "http://google.com",
                  "email": "AlfredKKrogh@armyspy.com",
                  "id": 2,
                  "name": "Alfred K. Krogh",
                }
              }
            >
              <tr>
                <td>
                  <a>
                    Alfred K. Krogh
                  </a>
                  <br />
                  <small>
                    AlfredKKrogh@armyspy.com
                  </small>
                </td>
              </tr>
            </UserRow>
            <UserRow
              key="3"
              row={
                Object {
                  "edit_path": "http://google.com",
                  "email": "SilasLBertelsen@armyspy.com",
                  "id": 3,
                  "name": "Silas L. Bertelsen",
                }
              }
            >
              <tr>
                <td>
                  <a>
                    Silas L. Bertelsen
                  </a>
                  <br />
                  <small>
                    SilasLBertelsen@armyspy.com
                  </small>
                </td>
              </tr>
            </UserRow>
            <UserRow
              key="4"
              row={
                Object {
                  "edit_path": "http://google.com",
                  "email": "MiaAJohnsen@dayrep.com",
                  "id": 4,
                  "name": "Mia A. Johnsen",
                }
              }
            >
              <tr>
                <td>
                  <a>
                    Mia A. Johnsen
                  </a>
                  <br />
                  <small>
                    MiaAJohnsen@dayrep.com
                  </small>
                </td>
              </tr>
            </UserRow>
          </tbody>
        </table>
        <Pagination
          currentPageNumber={0}
          numberOfPages={3}
        >
          <ul
            className="pagination"
          >
            <Page
              key="0"
              pageNumber={0}
            >
              <li
                className="page-item mr-1"
              >
                <button
                  className="page-link button-outline"
                  onClick={[Function]}
                >
                  1
                </button>
              </li>
            </Page>
            <Page
              key="1"
              pageNumber={1}
            >
              <li
                className="page-item mr-1"
              >
                <button
                  className="page-link "
                  onClick={[Function]}
                >
                  2
                </button>
              </li>
            </Page>
            <Page
              key="2"
              pageNumber={2}
            >
              <li
                className="page-item mr-1"
              >
                <button
                  className="page-link "
                  onClick={[Function]}
                >
                  3
                </button>
              </li>
            </Page>
            <Page
              pageNumber={1}
              text=">"
            >
              <li
                className="page-item mr-1"
              >
                <button
                  className="page-link "
                  onClick={[Function]}
                >
                  &gt;
                </button>
              </li>
            </Page>
          </ul>
        </Pagination>
      </div>
    </DataTable>
  </UserTable>
</Provider>
`;
